<a-entity scale="1.185333672 1 1" position="1.778000508 0 0" rotation="270 0 0" mixin="sidewalk-t1"></a-entity><a-entity class="bench-parent" position="3.7084010160000003 0 3.5" id="bench-parent-3.7084010160000003"><a-entity class="bench" position="0 0 -60" mixin="bench" rotation="0 90 0"></a-entity><a-entity class="bench" position="0 0 -45" mixin="bench" rotation="0 90 0"></a-entity><a-entity class="bench" position="0 0 -30" mixin="bench" rotation="0 90 0"></a-entity><a-entity class="bench" position="0 0 -15" mixin="bench" rotation="0 90 0"></a-entity><a-entity class="bench" position="0 0 0" mixin="bench" rotation="0 90 0"></a-entity><a-entity class="bench" position="0 0 15" mixin="bench" rotation="0 90 0"></a-entity><a-entity class="bench" position="0 0 30" mixin="bench" rotation="0 90 0"></a-entity><a-entity class="bench" position="0 0 45" mixin="bench" rotation="0 90 0"></a-entity><a-entity class="bench" position="0 0 60" mixin="bench" rotation="0 90 0"></a-entity></a-entity><a-entity scale="0.10160000000000001 1 1" position="3.7084010160000003 0 0" rotation="270 0 0" mixin="sidewalk-t1"></a-entity><a-entity class="tree-parent" position="4.165601016 0 7" id="tree-parent-4.165601016"><a-entity class="tree3" position="0 0 -60" mixin="tree3" rotation="0 180 0"></a-entity><a-entity class="tree3" position="0 0 -45" mixin="tree3" rotation="0 180 0"></a-entity><a-entity class="tree3" position="0 0 -30" mixin="tree3" rotation="0 180 0"></a-entity><a-entity class="tree3" position="0 0 -15" mixin="tree3" rotation="0 180 0"></a-entity><a-entity class="tree3" position="0 0 0" mixin="tree3" rotation="0 180 0"></a-entity><a-entity class="tree3" position="0 0 15" mixin="tree3" rotation="0 180 0"></a-entity><a-entity class="tree3" position="0 0 30" mixin="tree3" rotation="0 180 0"></a-entity><a-entity class="tree3" position="0 0 45" mixin="tree3" rotation="0 180 0"></a-entity><a-entity class="tree3" position="0 0 60" mixin="tree3" rotation="0 180 0"></a-entity></a-entity><a-entity scale="0.20320000000000002 1 1" position="4.165601016 0 0" rotation="270 0 0" mixin="sidewalk-t1"></a-entity><a-entity class="bikerack-parent" position="5.486401524000001 0 -3.5" id="bikerack-parent-5.486401524000001"><a-entity class="bikerack" position="0 0 -60" mixin="bikerack" rotation="0 0 0"></a-entity><a-entity class="bikerack" position="0 0 -45" mixin="bikerack" rotation="0 0 0"></a-entity><a-entity class="bikerack" position="0 0 -30" mixin="bikerack" rotation="0 0 0"></a-entity><a-entity class="bikerack" position="0 0 -15" mixin="bikerack" rotation="0 0 0"></a-entity><a-entity class="bikerack" position="0 0 0" mixin="bikerack" rotation="0 0 0"></a-entity><a-entity class="bikerack" position="0 0 15" mixin="bikerack" rotation="0 0 0"></a-entity><a-entity class="bikerack" position="0 0 30" mixin="bikerack" rotation="0 0 0"></a-entity><a-entity class="bikerack" position="0 0 45" mixin="bikerack" rotation="0 0 0"></a-entity><a-entity class="bikerack" position="0 0 60" mixin="bikerack" rotation="0 0 0"></a-entity></a-entity><a-entity scale="0.677333672 1 1" position="5.486401524000001 0 0" rotation="270 0 0" mixin="sidewalk-t1"></a-entity><a-entity class="lamp-parent" position="6.807202032000001 0 0" id="lamp-parent-6.807202032000001"><a-entity class="lamp-traditional" position="0 0 -60" mixin="lamp-traditional" rotation="0 0 0"></a-entity><a-entity class="lamp-traditional" position="0 0 -45" mixin="lamp-traditional" rotation="0 0 0"></a-entity><a-entity class="lamp-traditional" position="0 0 -30" mixin="lamp-traditional" rotation="0 0 0"></a-entity><a-entity class="lamp-traditional" position="0 0 -15" mixin="lamp-traditional" rotation="0 0 0"></a-entity><a-entity class="lamp-traditional" position="0 0 0" mixin="lamp-traditional" rotation="0 0 0"></a-entity><a-entity class="lamp-traditional" position="0 0 15" mixin="lamp-traditional" rotation="0 0 0"></a-entity><a-entity class="lamp-traditional" position="0 0 30" mixin="lamp-traditional" rotation="0 0 0"></a-entity><a-entity class="lamp-traditional" position="0 0 45" mixin="lamp-traditional" rotation="0 0 0"></a-entity><a-entity class="lamp-traditional" position="0 0 60" mixin="lamp-traditional" rotation="0 0 0"></a-entity></a-entity><a-entity scale="0.20320000000000002 1 1" position="6.807202032000001 0 0" rotation="270 0 0" mixin="sidewalk-t1"></a-entity><a-entity class="stencils-parent" position="7.874002032 0.015 0" id="stencils-parent-7.874002032"><a-entity class="stencils bike-lane" position="0 0 -70" mixin="stencils bike-lane" rotation="-90 180 0"></a-entity><a-entity class="stencils bike-lane" position="0 0 -50" mixin="stencils bike-lane" rotation="-90 180 0"></a-entity><a-entity class="stencils bike-lane" position="0 0 -30" mixin="stencils bike-lane" rotation="-90 180 0"></a-entity><a-entity class="stencils bike-lane" position="0 0 -10" mixin="stencils bike-lane" rotation="-90 180 0"></a-entity><a-entity class="stencils bike-lane" position="0 0 10" mixin="stencils bike-lane" rotation="-90 180 0"></a-entity><a-entity class="stencils bike-lane" position="0 0 30" mixin="stencils bike-lane" rotation="-90 180 0"></a-entity><a-entity class="stencils bike-lane" position="0 0 50" mixin="stencils bike-lane" rotation="-90 180 0"></a-entity><a-entity class="stencils bike-lane" position="0 0 70" mixin="stencils bike-lane" rotation="-90 180 0"></a-entity></a-entity><a-entity scale="0.8466666666666667 1 1" position="7.874002032 0 0" rotation="270 180 0" mixin="surface-green bike-lane-t1"></a-entity><a-entity scale="1 1 1" position="8.636002032 0.01 0" rotation="270 0 0" mixin="markings solid-stripe-t1"></a-entity><a-entity class="safehit-parent" position="8.940802032 0 0" id="safehit-parent-8.940802032"><a-entity class="safehit" position="0 0 -70" mixin="safehit" rotation="0 0 0"></a-entity><a-entity class="safehit" position="0 0 -66" mixin="safehit" rotation="0 0 0"></a-entity><a-entity class="safehit" position="0 0 -62" mixin="safehit" rotation="0 0 0"></a-entity><a-entity class="safehit" position="0 0 -58" mixin="safehit" rotation="0 0 0"></a-entity><a-entity class="safehit" position="0 0 -54" mixin="safehit" rotation="0 0 0"></a-entity><a-entity class="safehit" position="0 0 -50" mixin="safehit" rotation="0 0 0"></a-entity><a-entity class="safehit" position="0 0 -46" mixin="safehit" rotation="0 0 0"></a-entity><a-entity class="safehit" position="0 0 -42" mixin="safehit" rotation="0 0 0"></a-entity><a-entity class="safehit" position="0 0 -38" mixin="safehit" rotation="0 0 0"></a-entity><a-entity class="safehit" position="0 0 -34" mixin="safehit" rotation="0 0 0"></a-entity><a-entity class="safehit" position="0 0 -30" mixin="safehit" rotation="0 0 0"></a-entity><a-entity class="safehit" position="0 0 -26" mixin="safehit" rotation="0 0 0"></a-entity><a-entity class="safehit" position="0 0 -22" mixin="safehit" rotation="0 0 0"></a-entity><a-entity class="safehit" position="0 0 -18" mixin="safehit" rotation="0 0 0"></a-entity><a-entity class="safehit" position="0 0 -14" mixin="safehit" rotation="0 0 0"></a-entity><a-entity class="safehit" position="0 0 -10" mixin="safehit" rotation="0 0 0"></a-entity><a-entity class="safehit" position="0 0 -6" mixin="safehit" rotation="0 0 0"></a-entity><a-entity class="safehit" position="0 0 -2" mixin="safehit" rotation="0 0 0"></a-entity><a-entity class="safehit" position="0 0 2" mixin="safehit" rotation="0 0 0"></a-entity><a-entity class="safehit" position="0 0 6" mixin="safehit" rotation="0 0 0"></a-entity><a-entity class="safehit" position="0 0 10" mixin="safehit" rotation="0 0 0"></a-entity><a-entity class="safehit" position="0 0 14" mixin="safehit" rotation="0 0 0"></a-entity><a-entity class="safehit" position="0 0 18" mixin="safehit" rotation="0 0 0"></a-entity><a-entity class="safehit" position="0 0 22" mixin="safehit" rotation="0 0 0"></a-entity><a-entity class="safehit" position="0 0 26" mixin="safehit" rotation="0 0 0"></a-entity><a-entity class="safehit" position="0 0 30" mixin="safehit" rotation="0 0 0"></a-entity><a-entity class="safehit" position="0 0 34" mixin="safehit" rotation="0 0 0"></a-entity><a-entity class="safehit" position="0 0 38" mixin="safehit" rotation="0 0 0"></a-entity><a-entity class="safehit" position="0 0 42" mixin="safehit" rotation="0 0 0"></a-entity><a-entity class="safehit" position="0 0 46" mixin="safehit" rotation="0 0 0"></a-entity><a-entity class="safehit" position="0 0 50" mixin="safehit" rotation="0 0 0"></a-entity><a-entity class="safehit" position="0 0 54" mixin="safehit" rotation="0 0 0"></a-entity><a-entity class="safehit" position="0 0 58" mixin="safehit" rotation="0 0 0"></a-entity><a-entity class="safehit" position="0 0 62" mixin="safehit" rotation="0 0 0"></a-entity><a-entity class="safehit" position="0 0 66" mixin="safehit" rotation="0 0 0"></a-entity><a-entity class="safehit" position="0 0 70" mixin="safehit" rotation="0 0 0"></a-entity></a-entity><a-entity scale="2.032 1 1" position="8.940802032 0 0" rotation="270 0 0" mixin="divider-t1"></a-entity><a-entity scale="1 1 1" position="9.245602032 0.01 0" rotation="270 0 0" mixin="markings solid-stripe-t1"></a-entity><a-entity class="car" position="10.769602032000002 0 0" rotation="0 0 0" mixin="car"></a-entity><a-entity class="car-shadow" position="10.769602032000002 0.01 0" rotation="-90 -90 0" mixin="car-shadow"></a-entity><a-entity scale="1.016 1 1" position="10.769602032000002 0 0" rotation="270 180 0" mixin="drive-lane-t1"></a-entity><a-entity scale="1 1 1" position="12.293602032 0.01 0" rotation="270 0 0" mixin="markings solid-stripe-t1"></a-entity><a-entity scale="1.6933367200000002 1 1" position="12.54760254 0 0" rotation="270 0 0" mixin="divider-t1"></a-entity><a-entity scale="1 1 1" position="12.801603048 0.01 0" rotation="270 0 0" mixin="markings solid-stripe-t1"></a-entity><a-curve id="path-13">
        <a-curve-point id="checkpoint1" position="14.630403047999998 0 -75"></a-curve-point>
        <a-curve-point id="checkpoint2" position="14.630403047999998 0 0"></a-curve-point>
        <a-curve-point id="checkpoint3" position="14.630403047999998 0 75"></a-curve-point>
      </a-curve><a-entity class="trolley" position="14.630403047999998 0 0" rotation="0 0 0" mixin="trolley" alongpath="curve: #path-13; loop:true; dur:20000;"></a-entity><a-entity class="track-parent" position="14.630403047999998 -0.2 0" id="track-parent-14.630403047999998"><a-entity class="track" position="0 0 -80" mixin="track" rotation="0 0 0"></a-entity><a-entity class="track" position="0 0 -59.75" mixin="track" rotation="0 0 0"></a-entity><a-entity class="track" position="0 0 -39.5" mixin="track" rotation="0 0 0"></a-entity><a-entity class="track" position="0 0 -19.25" mixin="track" rotation="0 0 0"></a-entity><a-entity class="track" position="0 0 1" mixin="track" rotation="0 0 0"></a-entity><a-entity class="track" position="0 0 21.25" mixin="track" rotation="0 0 0"></a-entity><a-entity class="track" position="0 0 41.5" mixin="track" rotation="0 0 0"></a-entity><a-entity class="track" position="0 0 61.75" mixin="track" rotation="0 0 0"></a-entity></a-entity><a-entity scale="1.2192 1 1" position="14.630403047999998 0 0" rotation="270 180 0" mixin="surface-red bus-lane-t1"></a-entity><a-entity scale="1 1 1" position="16.459203048 0.01 0" rotation="270 0 0" mixin="markings solid-doubleyellow-t1"></a-entity><a-curve id="path-15">
        <a-curve-point id="checkpoint1" position="18.288003048 0 75"></a-curve-point>
        <a-curve-point id="checkpoint2" position="18.288003048 0 0"></a-curve-point>
        <a-curve-point id="checkpoint3" position="18.288003048 0 -75"></a-curve-point>
      </a-curve><a-entity class="tram" position="18.288003048 0 0" rotation="0 180 0" mixin="tram" alongpath="curve: #path-15; loop:true; dur:20000;"></a-entity><a-entity class="track-parent" position="18.288003048 -0.2 0" id="track-parent-18.288003048"><a-entity class="track" position="0 0 -80" mixin="track" rotation="0 0 0"></a-entity><a-entity class="track" position="0 0 -59.75" mixin="track" rotation="0 0 0"></a-entity><a-entity class="track" position="0 0 -39.5" mixin="track" rotation="0 0 0"></a-entity><a-entity class="track" position="0 0 -19.25" mixin="track" rotation="0 0 0"></a-entity><a-entity class="track" position="0 0 1" mixin="track" rotation="0 0 0"></a-entity><a-entity class="track" position="0 0 21.25" mixin="track" rotation="0 0 0"></a-entity><a-entity class="track" position="0 0 41.5" mixin="track" rotation="0 0 0"></a-entity><a-entity class="track" position="0 0 61.75" mixin="track" rotation="0 0 0"></a-entity></a-entity><a-entity scale="1.2192 1 1" position="18.288003048 0 0" rotation="270 0 0" mixin="surface-red bus-lane-t1"></a-entity><a-entity scale="1 1 1" position="20.116803048 0.01 0" rotation="270 0 0" mixin="markings solid-stripe-t1"></a-entity><a-entity scale="1.6933367200000002 1 1" position="20.370803556000002 0 0" rotation="270 0 0" mixin="divider-t1"></a-entity><a-entity scale="1 1 1" position="20.624804064000003 0.01 0" rotation="270 0 0" mixin="markings solid-stripe-t1"></a-entity><a-entity class="stencils-parent" position="21.386804064000003 0.015 0" id="stencils-parent-21.386804064000003"><a-entity class="stencils bike-lane" position="0 0 -70" mixin="stencils bike-lane" rotation="-90 0 0"></a-entity><a-entity class="stencils bike-lane" position="0 0 -50" mixin="stencils bike-lane" rotation="-90 0 0"></a-entity><a-entity class="stencils bike-lane" position="0 0 -30" mixin="stencils bike-lane" rotation="-90 0 0"></a-entity><a-entity class="stencils bike-lane" position="0 0 -10" mixin="stencils bike-lane" rotation="-90 0 0"></a-entity><a-entity class="stencils bike-lane" position="0 0 10" mixin="stencils bike-lane" rotation="-90 0 0"></a-entity><a-entity class="stencils bike-lane" position="0 0 30" mixin="stencils bike-lane" rotation="-90 0 0"></a-entity><a-entity class="stencils bike-lane" position="0 0 50" mixin="stencils bike-lane" rotation="-90 0 0"></a-entity><a-entity class="stencils bike-lane" position="0 0 70" mixin="stencils bike-lane" rotation="-90 0 0"></a-entity></a-entity><a-entity scale="0.8466666666666667 1 1" position="21.386804064000003 0 0" rotation="270 0 0" mixin="surface-green bike-lane-t1"></a-entity><a-entity scale="1 1 1" position="22.148804064000004 0.01 0" rotation="270 0 0" mixin="markings solid-stripe-t1"></a-entity><a-entity class="safehit-parent" position="22.453604064000004 0 0" id="safehit-parent-22.453604064000004"><a-entity class="safehit" position="0 0 -70" mixin="safehit" rotation="0 0 0"></a-entity><a-entity class="safehit" position="0 0 -66" mixin="safehit" rotation="0 0 0"></a-entity><a-entity class="safehit" position="0 0 -62" mixin="safehit" rotation="0 0 0"></a-entity><a-entity class="safehit" position="0 0 -58" mixin="safehit" rotation="0 0 0"></a-entity><a-entity class="safehit" position="0 0 -54" mixin="safehit" rotation="0 0 0"></a-entity><a-entity class="safehit" position="0 0 -50" mixin="safehit" rotation="0 0 0"></a-entity><a-entity class="safehit" position="0 0 -46" mixin="safehit" rotation="0 0 0"></a-entity><a-entity class="safehit" position="0 0 -42" mixin="safehit" rotation="0 0 0"></a-entity><a-entity class="safehit" position="0 0 -38" mixin="safehit" rotation="0 0 0"></a-entity><a-entity class="safehit" position="0 0 -34" mixin="safehit" rotation="0 0 0"></a-entity><a-entity class="safehit" position="0 0 -30" mixin="safehit" rotation="0 0 0"></a-entity><a-entity class="safehit" position="0 0 -26" mixin="safehit" rotation="0 0 0"></a-entity><a-entity class="safehit" position="0 0 -22" mixin="safehit" rotation="0 0 0"></a-entity><a-entity class="safehit" position="0 0 -18" mixin="safehit" rotation="0 0 0"></a-entity><a-entity class="safehit" position="0 0 -14" mixin="safehit" rotation="0 0 0"></a-entity><a-entity class="safehit" position="0 0 -10" mixin="safehit" rotation="0 0 0"></a-entity><a-entity class="safehit" position="0 0 -6" mixin="safehit" rotation="0 0 0"></a-entity><a-entity class="safehit" position="0 0 -2" mixin="safehit" rotation="0 0 0"></a-entity><a-entity class="safehit" position="0 0 2" mixin="safehit" rotation="0 0 0"></a-entity><a-entity class="safehit" position="0 0 6" mixin="safehit" rotation="0 0 0"></a-entity><a-entity class="safehit" position="0 0 10" mixin="safehit" rotation="0 0 0"></a-entity><a-entity class="safehit" position="0 0 14" mixin="safehit" rotation="0 0 0"></a-entity><a-entity class="safehit" position="0 0 18" mixin="safehit" rotation="0 0 0"></a-entity><a-entity class="safehit" position="0 0 22" mixin="safehit" rotation="0 0 0"></a-entity><a-entity class="safehit" position="0 0 26" mixin="safehit" rotation="0 0 0"></a-entity><a-entity class="safehit" position="0 0 30" mixin="safehit" rotation="0 0 0"></a-entity><a-entity class="safehit" position="0 0 34" mixin="safehit" rotation="0 0 0"></a-entity><a-entity class="safehit" position="0 0 38" mixin="safehit" rotation="0 0 0"></a-entity><a-entity class="safehit" position="0 0 42" mixin="safehit" rotation="0 0 0"></a-entity><a-entity class="safehit" position="0 0 46" mixin="safehit" rotation="0 0 0"></a-entity><a-entity class="safehit" position="0 0 50" mixin="safehit" rotation="0 0 0"></a-entity><a-entity class="safehit" position="0 0 54" mixin="safehit" rotation="0 0 0"></a-entity><a-entity class="safehit" position="0 0 58" mixin="safehit" rotation="0 0 0"></a-entity><a-entity class="safehit" position="0 0 62" mixin="safehit" rotation="0 0 0"></a-entity><a-entity class="safehit" position="0 0 66" mixin="safehit" rotation="0 0 0"></a-entity><a-entity class="safehit" position="0 0 70" mixin="safehit" rotation="0 0 0"></a-entity></a-entity><a-entity scale="2.032 1 1" position="22.453604064000004 0 0" rotation="270 0 0" mixin="divider-t1"></a-entity><a-entity scale="1 1 1" position="22.758404064000004 0.01 0" rotation="270 0 0" mixin="markings solid-stripe-t1"></a-entity><a-entity class="stencils-parent" position="24.282404064000005 0.015 0" id="stencils-parent-24.282404064000005"><a-entity class="stencils all" position="0 0 -70" mixin="stencils all" rotation="-90 0 0"></a-entity><a-entity class="stencils all" position="0 0 -55" mixin="stencils all" rotation="-90 0 0"></a-entity><a-entity class="stencils all" position="0 0 -40" mixin="stencils all" rotation="-90 0 0"></a-entity><a-entity class="stencils all" position="0 0 -25" mixin="stencils all" rotation="-90 0 0"></a-entity><a-entity class="stencils all" position="0 0 -10" mixin="stencils all" rotation="-90 0 0"></a-entity><a-entity class="stencils all" position="0 0 5" mixin="stencils all" rotation="-90 0 0"></a-entity><a-entity class="stencils all" position="0 0 20" mixin="stencils all" rotation="-90 0 0"></a-entity><a-entity class="stencils all" position="0 0 35" mixin="stencils all" rotation="-90 0 0"></a-entity><a-entity class="stencils all" position="0 0 50" mixin="stencils all" rotation="-90 0 0"></a-entity><a-entity class="stencils all" position="0 0 65" mixin="stencils all" rotation="-90 0 0"></a-entity></a-entity><a-entity scale="1.016 1 1" position="24.282404064000005 0 0" rotation="270 0 0" mixin="drive-lane-t1"></a-entity><a-entity scale="0.16933367200000002 1 1" position="26.060404572000007 0 0" rotation="270 0 0" mixin="sidewalk-t1"></a-entity><a-entity class="lamp-parent" position="26.619205080000008 0 0" id="lamp-parent-26.619205080000008"><a-entity class="lamp-traditional" position="0 0 -60" mixin="lamp-traditional" rotation="0 0 0"></a-entity><a-entity class="lamp-traditional" position="0 0 -45" mixin="lamp-traditional" rotation="0 0 0"></a-entity><a-entity class="lamp-traditional" position="0 0 -30" mixin="lamp-traditional" rotation="0 0 0"></a-entity><a-entity class="lamp-traditional" position="0 0 -15" mixin="lamp-traditional" rotation="0 0 0"></a-entity><a-entity class="lamp-traditional" position="0 0 0" mixin="lamp-traditional" rotation="0 0 0"></a-entity><a-entity class="lamp-traditional" position="0 0 15" mixin="lamp-traditional" rotation="0 0 0"></a-entity><a-entity class="lamp-traditional" position="0 0 30" mixin="lamp-traditional" rotation="0 0 0"></a-entity><a-entity class="lamp-traditional" position="0 0 45" mixin="lamp-traditional" rotation="0 0 0"></a-entity><a-entity class="lamp-traditional" position="0 0 60" mixin="lamp-traditional" rotation="0 0 0"></a-entity></a-entity><a-entity scale="0.20320000000000002 1 1" position="26.619205080000008 0 0" rotation="270 0 0" mixin="sidewalk-t1"></a-entity><a-entity class="tree-parent" position="27.076405080000008 0 7" id="tree-parent-27.076405080000008"><a-entity class="tree3" position="0 0 -60" mixin="tree3" rotation="0 180 0"></a-entity><a-entity class="tree3" position="0 0 -45" mixin="tree3" rotation="0 180 0"></a-entity><a-entity class="tree3" position="0 0 -30" mixin="tree3" rotation="0 180 0"></a-entity><a-entity class="tree3" position="0 0 -15" mixin="tree3" rotation="0 180 0"></a-entity><a-entity class="tree3" position="0 0 0" mixin="tree3" rotation="0 180 0"></a-entity><a-entity class="tree3" position="0 0 15" mixin="tree3" rotation="0 180 0"></a-entity><a-entity class="tree3" position="0 0 30" mixin="tree3" rotation="0 180 0"></a-entity><a-entity class="tree3" position="0 0 45" mixin="tree3" rotation="0 180 0"></a-entity><a-entity class="tree3" position="0 0 60" mixin="tree3" rotation="0 180 0"></a-entity></a-entity><a-entity scale="0.10160000000000001 1 1" position="27.076405080000008 0 0" rotation="270 0 0" mixin="sidewalk-t1"></a-entity><a-entity class="bench-parent" position="27.381205080000008 0 3.5" id="bench-parent-27.381205080000008"><a-entity class="bench" position="0 0 -60" mixin="bench" rotation="0 -90 0"></a-entity><a-entity class="bench" position="0 0 -45" mixin="bench" rotation="0 -90 0"></a-entity><a-entity class="bench" position="0 0 -30" mixin="bench" rotation="0 -90 0"></a-entity><a-entity class="bench" position="0 0 -15" mixin="bench" rotation="0 -90 0"></a-entity><a-entity class="bench" position="0 0 0" mixin="bench" rotation="0 -90 0"></a-entity><a-entity class="bench" position="0 0 15" mixin="bench" rotation="0 -90 0"></a-entity><a-entity class="bench" position="0 0 30" mixin="bench" rotation="0 -90 0"></a-entity><a-entity class="bench" position="0 0 45" mixin="bench" rotation="0 -90 0"></a-entity><a-entity class="bench" position="0 0 60" mixin="bench" rotation="0 -90 0"></a-entity></a-entity><a-entity scale="0.10160000000000001 1 1" position="27.381205080000008 0 0" rotation="270 0 0" mixin="sidewalk-t1"></a-entity><a-entity class="bikeshare" position="28.60040508000001 0 0" id="bikeshare-28.60040508000001" mixin="bikeshare" rotation="0 90 0"></a-entity><a-entity scale="0.7111999999999999 1 1" position="28.60040508000001 0 0" rotation="270 0 0" mixin="sidewalk-t1"></a-entity><a-entity scale="0.948266328 1 1" position="31.08960457200001 0 0" rotation="270 0 0" mixin="sidewalk-t1"></a-entity>
